<div class="cads-table-container">
<table class="cads-table cads-table__has-caption">
<caption>I am a nice table</caption>
<tbody>
<thead>
<tr>
<th>
<span class="cads-table__content">Your location</span>
</th>
<th>
<span class="cads-table__content">Post box collection times</span>
</th>
</tr>
</thead>
<tr>
<td>
<span class="cads-table__th-heading">Your location</span>
<span class="cads-table__content">City or town</span>
</td>
<td>
<span class="cads-table__th-heading">Post box collection times</span>
<span class="cads-table__content">9am to 6.30pm</span>
</td>
</tr>
<tr>
<td>
<span class="cads-table__th-heading">Your location</span>
<span class="cads-table__content">Areas with lots of businesses - known as commercial</span>
</td>
<td>
<span class="cads-table__th-heading">Post box collection times</span>
<span class="cads-table__content">9am to 7.30pm</span>
</td>
</tr>
<tr>
<td>
<span class="cads-table__th-heading">Your location</span>
<span class="cads-table__content">Very rural areas - for example, where there aren't many people</span>
</td>
<td>
<span class="cads-table__th-heading">Post box collection times</span>
<span class="cads-table__content">9am to 4pm</span>
</td>
</tr>
<tr>
<td>
<span class="cads-table__th-heading">Your location</span>
<span class="cads-table__content">Rest of the UK</span>
</td>
<td>
<span class="cads-table__th-heading">Post box collection times</span>
<span class="cads-table__content">9am to 5.30pm</span>
</td>
</tr>
</tbody>
</table>
</div>
